
============================================================
 0. AUTH
============================================================
  [PASS] Admin sign-in

============================================================
 1. SETTINGS - Company
============================================================
  [PASS] Save company settings
  [PASS] Company settings persist and are retrievable

============================================================
 2. SETTINGS - Customer
============================================================
  [PASS] Create customer (id=02020844)
  [PASS] Customer appears in companies list (12 total)

============================================================
 3. SETTINGS - Product
============================================================
  [PASS] Create product (id=ae468831)
  [PASS] Product appears in products list (11 total)
  [PASS] Product pricing (rate=450, gst=18%) saved correctly

============================================================
 4. SETTINGS - Users
============================================================
  [PASS] Users list loads (3 users)
  [PASS] Update user role (sales -> accounts)
  [PASS] Reset user role back to sales

============================================================
 5. QUOTATION - Create & pricing
============================================================
  [PASS] Create quotation QT-1008 (id=7889aa4f)
  [PASS] Quotation taxable amount = 9000.00 (20 x 450)
  [PASS] Quotation GST = 1620.00 (18% of 9000)
  [PASS] Quotation total = 10620.00 (9000 + 1620)
  [PASS] Quotation appears in list (8 total)
  [PASS] Update quotation qty 20->30 units, total updated to 15930
  [PASS] Quotation status updated to sent
  [PASS] Convert quotation to SO -> SO-2010 (id=f143467a)

============================================================
 6. SALES ORDER - Create & list
============================================================
  [PASS] Sales order appears in list (10 total)
  [PASS] Sales order status updated to confirmed

============================================================
 7. INVOICE - Create, GST split, payment
============================================================
  [PASS] Create invoice INV-3008 (id=2764cc33)
  [PASS] GST split correct: CGST=1215 + SGST=1215 (intra-state 27->27)
  [PASS] Invoice total = 15930.00
  [PASS] Invoice appears in list (8 total)
  [PASS] Invoice status updated to sent
  [PASS] Record partial payment of 8000
  [PASS] amount_paid = 8000 after payment
  [PASS] Invoice status auto-updated to partially_paid
  [PASS] Record final payment of 7930 (clears balance)
  [PASS] Invoice status auto-updated to paid after full payment

============================================================
 8. PURCHASE ORDER - Create & GRN
============================================================
  [PASS] Create purchase order PO-4006
  [PASS] PO status updated to sent

============================================================
 9. INVENTORY - Stock ledger
============================================================
  [PASS] Inventory stock loads (11 products)
  [PASS] Cast Iron Bracket balance = -30.0 (expected: +10 GRN - 30 invoiced = -20)
  [PASS] Stock ledger loads (3 entries)
  [PASS] Ledger entry types: ['sale', 'adjustment', 'sale']

============================================================
  RESULTS: 37 passed / 0 failed
============================================================
